Microchip MPLAB XC8 Compiler V2.41

Linker command line:

-W-3 \
  --edf=C:\Program Files\Microchip\xc8\v2.41\pic\dat\20230208172133_en.msgs \
  -cn -h+dist/default/production\SmartHome_SlaveMCU.X.production.sym \
  --cmf=dist/default/production\SmartHome_SlaveMCU.X.production.cmf -z \
  -Q18F46K20 -oC:\Users\abdoe\AppData\Local\Temp\xcAsp5k.\driver_tmp_3.o \
  --defsym=__MPLAB_BUILD=1 --fixupoverflow=error \
  -Mdist/default/production/SmartHome_SlaveMCU.X.production.map \
  --md=C:\Users\abdoe\AppData\Local\Temp\xcAsp5k.\driver_tmp_0.dat -E1 \
  -ver=XC8 Compiler --acfsm=1493 -ACODE=00h-0FFFFh -ACONST=00h-0FFFFh \
  -ASMALLCONST=01000h-010FFhx240 -AMEDIUMCONST=01000h-0FFFFh \
  -ACOMRAM=01h-05Fh -AABS1=00h-0F5Fh -ABIGRAM=01h-0F5Fh \
  -ARAM=060h-0FFh,0100h-01FFhx14,0F00h-0F5Fh -ABANK0=060h-0FFh \
  -ABANK1=0100h-01FFh -ABANK2=0200h-02FFh -ABANK3=0300h-03FFh \
  -ABANK4=0400h-04FFh -ABANK5=0500h-05FFh -ABANK6=0600h-06FFh \
  -ABANK7=0700h-07FFh -ABANK8=0800h-08FFh -ABANK9=0900h-09FFh \
  -ABANK10=0A00h-0AFFh -ABANK11=0B00h-0BFFh -ABANK12=0C00h-0CFFh \
  -ABANK13=0D00h-0DFFh -ABANK14=0E00h-0EFFh -ABANK15=0F00h-0F5Fh \
  -ASFR=0F60h-0FFFh -ABIGSFR=0F60h-0FFFh -ACONFIG=0300000h-030000Dh \
  -AIDLOC=0200000h-0200007h -AEEDATA=0F00000h-0F003FFh -peeprom_data=EEDATA \
  -preset_vec=00h,intcode=08h,intcodelo,powerup,init -pramtop=01000h \
  -psmallconst=SMALLCONST -pmediumconst=MEDIUMCONST -pconst=CONST \
  -AFARRAM=00h-00h \
  -prdata=COMRAM,nvrram=COMRAM,nvbit=COMRAM,rbss=COMRAM,rbit=COMRAM \
  -pfarbss=FARRAM,fardata=FARRAM,nvFARRAM=FARRAM \
  -pintsave_regs=BIGRAM,bigbss=BIGRAM,bigdata=BIGRAM -pbss=RAM \
  -pidata=CODE,irdata=CODE,ibigdata=CODE,ifardata=CODE -prparam=COMRAM \
  C:\Users\abdoe\AppData\Local\Temp\xcAsp5k.\driver_tmp_9.o \
  dist/default/production\SmartHome_SlaveMCU.X.production.o 

Object code version is 3.11

Machine type is 18F46K20



                Name                               Link     Load   Length Selector   Space Scale
C:\Users\abdoe\AppData\Local\Temp\xcAsp5k.\driver_tmp_9.o
                idloc                            200000   200000        8        0       5
                config                           300000   300000        E        0       4
                init                                 C0       C0        4        4       0
                reset_vec                             0        0        4        0       0
dist/default/production\SmartHome_SlaveMCU.X.production.o
                intcode                               8        8       B8        4       0
                idloc                            200000   200000        8        0       5
                config                           300000   300000        E        0       4
                temp                                 31       31        1        1       1
                text37                              A44      A44        4        4       0
                text36                              A34      A34        8        4       0
                text35                              84A      84A       2E        4       0
                text34                              A40      A40        4        4       0
                text33                              9B0      9B0       14        4       0
                text32                              99C      99C       14        4       0
                text31                              988      988       14        4       0
                text30                              974      974       14        4       0
                text29                              A2C      A2C        8        4       0
                text28                              81C      81C       2E        4       0
                text27                              A3C      A3C        4        4       0
                text26                              A24      A24        8        4       0
                text25                              A1C      A1C        8        4       0
                text24                              7EE      7EE       2E        4       0
                text23                              5C0      5C0       FC        4       0
                text22                              A4A      A4A        2        4       0
                text21                              8C8      8C8       28        4       0
                text20                              77A      77A       3C        4       0
                text19                              A48      A48        2        4       0
                text18                              8A0      8A0       28        4       0
                text17                              73E      73E       3C        4       0
                text15                              6BC      6BC       44        4       0
                text14                              878      878       28        4       0
                text13                              A12      A12        A        4       0
                text12                              A08      A08        A        4       0
                text11                              9FE      9FE        A        4       0
                text10                              700      700       3E        4       0
                text9                               9C4      9C4       10        4       0
                text8                               9D4      9D4        C        4       0
                text7                               9F4      9F4        A        4       0
                text6                               7B6      7B6       38        4       0
                text5                               9EA      9EA        A        4       0
                text4                               916      916       26        4       0
                text3                               9E0      9E0        A        4       0
                text2                               8F0      8F0       26        4       0
                text1                               93C      93C       1E        4       0
                text0                                C4       C4      4FC        4       0
                cstackCOMRAM                         26       26        B        1       1
                bssCOMRAM                             1        1       1A        1       1
                cinit                               95A      95A       1A        4       0
                nvCOMRAM                             1B       1B        B        1       1

TOTAL           Name                               Link     Load   Length     Space
        CLASS   CODE           
                intcode                               8        8       B8         0
                init                                 C0       C0        4         0
                reset_vec                             0        0        4         0
                text37                              A44      A44        4         0
                text36                              A34      A34        8         0
                text35                              84A      84A       2E         0
                text34                              A40      A40        4         0
                text33                              9B0      9B0       14         0
                text32                              99C      99C       14         0
                text31                              988      988       14         0
                text30                              974      974       14         0
                text29                              A2C      A2C        8         0
                text28                              81C      81C       2E         0
                text27                              A3C      A3C        4         0
                text26                              A24      A24        8         0
                text25                              A1C      A1C        8         0
                text24                              7EE      7EE       2E         0
                text23                              5C0      5C0       FC         0
                text22                              A4A      A4A        2         0
                text21                              8C8      8C8       28         0
                text20                              77A      77A       3C         0
                text19                              A48      A48        2         0
                text18                              8A0      8A0       28         0
                text17                              73E      73E       3C         0
                text15                              6BC      6BC       44         0
                text14                              878      878       28         0
                text13                              A12      A12        A         0
                text12                              A08      A08        A         0
                text11                              9FE      9FE        A         0
                text10                              700      700       3E         0
                text9                               9C4      9C4       10         0
                text8                               9D4      9D4        C         0
                text7                               9F4      9F4        A         0
                text6                               7B6      7B6       38         0
                text5                               9EA      9EA        A         0
                text4                               916      916       26         0
                text3                               9E0      9E0        A         0
                text2                               8F0      8F0       26         0
                text1                               93C      93C       1E         0
                text0                                C4       C4      4FC         0
                cinit                               95A      95A       1A         0

        CLASS   CONST          

        CLASS   SMALLCONST     

        CLASS   MEDIUMCONST    

        CLASS   COMRAM         
                temp                                 31       31        1         1
                cstackCOMRAM                         26       26        B         1
                bssCOMRAM                             1        1       1A         1
                nvCOMRAM                             1B       1B        B         1

        CLASS   ABS1           

        CLASS   BIGRAM         

        CLASS   RAM            

        CLASS   BANK0          

        CLASS   BANK1          

        CLASS   BANK2          

        CLASS   BANK3          

        CLASS   BANK4          

        CLASS   BANK5          

        CLASS   BANK6          

        CLASS   BANK7          

        CLASS   BANK8          

        CLASS   BANK9          

        CLASS   BANK10         

        CLASS   BANK11         

        CLASS   BANK12         

        CLASS   BANK13         

        CLASS   BANK14         

        CLASS   BANK15         

        CLASS   SFR            

        CLASS   BIGSFR         

        CLASS   CONFIG         
                config                           300000   300000        E         4

        CLASS   IDLOC          
                idloc                            200000   200000        8         5

        CLASS   EEDATA         

        CLASS   FARRAM         

        CLASS   HEAP           

        CLASS   STACK          



SEGMENTS        Name                           Load    Length   Top    Selector   Space  Class

                reset_vec                      000000  000004  000004         0       0  CODE    
                bssCOMRAM                      000001  000031  000032         1       1  COMRAM  
                intcode                        000008  000A44  000A4C         4       0  CODE    


UNUSED ADDRESS RANGES

        Name                Unused          Largest block    Delta
        BANK0            000060-0000FF               A0
        BANK1            000100-0001FF              100
        BANK10           000A00-000AFF              100
        BANK11           000B00-000BFF              100
        BANK12           000C00-000CFF              100
        BANK13           000D00-000DFF              100
        BANK14           000E00-000EFF              100
        BANK15           000F00-000F5F               60
        BANK2            000200-0002FF              100
        BANK3            000300-0003FF              100
        BANK4            000400-0004FF              100
        BANK5            000500-0005FF              100
        BANK6            000600-0006FF              100
        BANK7            000700-0007FF              100
        BANK8            000800-0008FF              100
        BANK9            000900-0009FF              100
        BIGRAM           000032-000F5F              F2E
        BIGSFR           000F60-000FFF               A0
        CODE             000004-000007                4
                         000A4C-00FFFF             F5B4
        COMRAM           000032-00005F               2E
        CONST            000004-000007                4
                         000A4C-00FFFF             F5B4
        EEDATA           F00000-F003FF              400
        MEDIUMCONST      001000-00FFFF             F000
        RAM              000060-000F5F              100
        SFR              000F60-000FFF               A0
        SMALLCONST       001000-00FFFF              100

                                  Symbol Table

DATAEE_WriteByte@GIEBitValue                   cstackCOMRAM 00002E
DATAEE_WriteByte@bAdd                          cstackCOMRAM 00002B
DATAEE_WriteByte@bData                         cstackCOMRAM 00002D
EUSART_SetErrorHandler@interruptHandler        cstackCOMRAM 00002B
EUSART_SetFramingErrorHandler@interruptHandler cstackCOMRAM 00002B
EUSART_SetOverrunErrorHandler@interruptHandler cstackCOMRAM 00002B
I2C_SlaveSendTxData@data                       cstackCOMRAM 000026
TMR1_SetInterruptHandler@InterruptHandler      cstackCOMRAM 00002B
TMR1_WriteTimer@timerVal                       cstackCOMRAM 000026
TMR3_SetInterruptHandler@InterruptHandler      cstackCOMRAM 00002B
TMR3_WriteTimer@timerVal                       cstackCOMRAM 000026
_ANSEL                                         (abs)        000F7E
_ANSELH                                        (abs)        000F7F
_BAUDCON                                       (abs)        000FB8
_DATAEE_WriteByte                              text15       0006BC
_EEADR                                         (abs)        000FA9
_EEADRH                                        (abs)        000FAA
_EECON1bits                                    (abs)        000FA6
_EECON2                                        (abs)        000FA7
_EEDATA                                        (abs)        000FA8
_EUSART_DefaultErrorHandler                    (abs)        000000
_EUSART_DefaultFramingErrorHandler             (abs)        000000
_EUSART_DefaultOverrunErrorHandler             (abs)        000000
_EUSART_ErrorHandler                           nvCOMRAM     00001F
_EUSART_FramingErrorHandler                    nvCOMRAM     000023
_EUSART_Initialize                             text10       000700
_EUSART_OverrunErrorHandler                    nvCOMRAM     000021
_EUSART_Read                                   text14       000878
_EUSART_SetErrorHandler                        text13       000A12
_EUSART_SetFramingErrorHandler                 text12       000A08
_EUSART_SetOverrunErrorHandler                 text11       0009FE
_I2C_Initialize                                text9        0009C4
_I2C_Isr                                       text23       0005C0
_I2C_SlaveAddrCallBack                         text35       00084A
_I2C_SlaveAddrInterruptHandler                 bssCOMRAM    000009
_I2C_SlaveBusColInterruptHandler               bssCOMRAM    000007
_I2C_SlaveClearIrq                             text34       000A40
_I2C_SlaveDefAddrInterruptHandler              text36       000A34
_I2C_SlaveDefBusColInterruptHandler            (abs)        000000
_I2C_SlaveDefRdInterruptHandler                text29       000A2C
_I2C_SlaveDefWrColInterruptHandler             (abs)        000000
_I2C_SlaveDefWrInterruptHandler                text25       000A1C
_I2C_SlaveGetRxData                            text37       000A44
_I2C_SlaveIsAddr                               text33       0009B0
_I2C_SlaveIsRead                               text32       00099C
_I2C_SlaveIsRxBufFull                          text31       000988
_I2C_SlaveIsTxBufEmpty                         text30       000974
_I2C_SlaveRdCallBack                           text28       00081C
_I2C_SlaveRdInterruptHandler                   bssCOMRAM    00000D
_I2C_SlaveReleaseClock                         text27       000A3C
_I2C_SlaveSendTxData                           text26       000A24
_I2C_SlaveWrCallBack                           text24       0007EE
_I2C_SlaveWrColInterruptHandler                bssCOMRAM    000005
_I2C_SlaveWrInterruptHandler                   bssCOMRAM    00000B
_INTCON2bits                                   (abs)        000FF1
_INTCONbits                                    (abs)        000FF2
_INTERRUPT_Initialize                          text8        0009D4
_INTERRUPT_InterruptManagerHigh                intcode      000008
_IPR1bits                                      (abs)        000F9F
_IPR2bits                                      (abs)        000FA2
_LATA                                          (abs)        000F89
_LATAbits                                      (abs)        000F89
_LATB                                          (abs)        000F8A
_LATBbits                                      (abs)        000F8A
_LATC                                          (abs)        000F8B
_LATCbits                                      (abs)        000F8B
_LATD                                          (abs)        000F8C
_LATDbits                                      (abs)        000F8C
_LATE                                          (abs)        000F8D
_MSSP_InterruptHandler                         bssCOMRAM    00000F
_OSCCON                                        (abs)        000FD3
_OSCILLATOR_Initialize                         text7        0009F4
_OSCTUNE                                       (abs)        000F9B
_PIE1bits                                      (abs)        000F9D
_PIE2bits                                      (abs)        000FA0
_PIN_MANAGER_Initialize                        text6        0007B6
_PIR1bits                                      (abs)        000F9E
_PIR2bits                                      (abs)        000FA1
_RCONbits                                      (abs)        000FD0
_RCREG                                         (abs)        000FAE
_RCSTA                                         (abs)        000FAB
_RCSTAbits                                     (abs)        000FAB
_RecTC74_A7_TempValue                          bssCOMRAM    000015
_SPBRG                                         (abs)        000FAF
_SPBRGH                                        (abs)        000FB0
_SSPADD                                        (abs)        000FC8
_SSPBUF                                        (abs)        000FC9
_SSPCON1                                       (abs)        000FC6
_SSPCON1bits                                   (abs)        000FC6
_SSPCON2                                       (abs)        000FC5
_SSPCON2bits                                   (abs)        000FC5
_SSPMSK                                        (abs)        000F77
_SSPSTAT                                       (abs)        000FC7
_SSPSTATbits                                   (abs)        000FC7
_SYSTEM_Initialize                             text1        00093C
_T1CON                                         (abs)        000FCD
_T1CONbits                                     (abs)        000FCD
_T3CON                                         (abs)        000FB1
_T3CONbits                                     (abs)        000FB1
_TABLAT                                        (abs)        000FF5
_TBLPTRH                                       (abs)        000FF7
_TBLPTRL                                       (abs)        000FF6
_TBLPTRU                                       (abs)        000FF8
_TMR1                                          (abs)        000FCE
_TMR1H                                         (abs)        000FCF
_TMR1L                                         (abs)        000FCE
_TMR1_DefaultInterruptHandler                  text22       000A4A
_TMR1_ISR                                      text20       00077A
_TMR1_Initialize                               text4        000916
_TMR1_InterruptHandler                         nvCOMRAM     00001D
_TMR1_SetInterruptHandler                      text5        0009EA
_TMR1_WriteTimer                               text21       0008C8
_TMR3                                          (abs)        000FB2
_TMR3H                                         (abs)        000FB3
_TMR3L                                         (abs)        000FB2
_TMR3_DefaultInterruptHandler                  text19       000A48
_TMR3_ISR                                      text17       00073E
_TMR3_Initialize                               text2        0008F0
_TMR3_InterruptHandler                         nvCOMRAM     00001B
_TMR3_SetInterruptHandler                      text3        0009E0
_TMR3_WriteTimer                               text18       0008A0
_TRISA                                         (abs)        000F92
_TRISB                                         (abs)        000F93
_TRISC                                         (abs)        000F94
_TRISD                                         (abs)        000F95
_TRISE                                         (abs)        000F96
_TXREG                                         (abs)        000FAD
_TXSTA                                         (abs)        000FAC
_TXSTAbits                                     (abs)        000FAC
_WPUB                                          (abs)        000F7C
__HRAM                                         (abs)        000000
__H__absolute__                                __absolute__ 000000
__Habs1                                        abs1         000000
__Hbank0                                       bank0        000000
__Hbank1                                       bank1        000000
__Hbank10                                      bank10       000000
__Hbank11                                      bank11       000000
__Hbank12                                      bank12       000000
__Hbank13                                      bank13       000000
__Hbank14                                      bank14       000000
__Hbank15                                      bank15       000000
__Hbank2                                       bank2        000000
__Hbank3                                       bank3        000000
__Hbank4                                       bank4        000000
__Hbank5                                       bank5        000000
__Hbank6                                       bank6        000000
__Hbank7                                       bank7        000000
__Hbank8                                       bank8        000000
__Hbank9                                       bank9        000000
__Hbigbss                                      bigbss       000000
__Hbigdata                                     bigdata      000000
__Hbigram                                      bigram       000000
__Hbigsfr                                      bigsfr       000000
__Hbss                                         bss          000000
__HbssCOMRAM                                   bssCOMRAM    000000
__Hcinit                                       cinit        000000
__Hclrtext                                     clrtext      000000
__Hcomram                                      comram       000000
__Hconfig                                      config       30000E
__Hconst                                       const        000000
__HcstackCOMRAM                                cstackCOMRAM 000000
__Hdata                                        data         000000
__Heeprom_data                                 eeprom_data  000000
__Hfarbss                                      farbss       000000
__Hfardata                                     fardata      000000
__Hheap                                        heap         000000
__Hibigdata                                    ibigdata     000000
__Hidata                                       idata        000000
__Hidloc                                       idloc        200008
__Hifardata                                    ifardata     000000
__Hinit                                        init         0000C4
__Hintcode                                     intcode      0000C0
__Hintcode_body                                intcode_body 000000
__Hintcodelo                                   intcodelo    0000C0
__Hintentry                                    intentry     000000
__Hintret                                      intret       000000
__Hintsave_regs                                intsave_regs 000000
__Hirdata                                      irdata       000000
__Hmediumconst                                 mediumconst  000000
__HnvCOMRAM                                    nvCOMRAM     000000
__HnvFARRAM                                    nvFARRAM     000000
__Hnvbit                                       nvbit        000000
__Hnvrram                                      nvrram       000000
__Hparam                                       rparam       000000
__Hpowerup                                     powerup      0000C0
__Hram                                         ram          000000
__Hramtop                                      ramtop       001000
__Hrbit                                        rbit         000000
__Hrbss                                        rbss         000000
__Hrdata                                       rdata        000000
__Hreset_vec                                   reset_vec    000004
__Hrparam                                      rparam       000000
__Hsfr                                         sfr          000000
__Hsmallconst                                  smallconst   000000
__Hspace_0                                     (abs)        001000
__Hspace_1                                     (abs)        000032
__Hspace_2                                     (abs)        000000
__Hspace_4                                     (abs)        60000E
__Hstack                                       stack        000000
__Hstruct                                      struct       000000
__Htemp                                        temp         000032
__Htext                                        text         000000
__Htext0                                       text0        000000
__Htext1                                       text1        000000
__Htext10                                      text10       000000
__Htext11                                      text11       000000
__Htext12                                      text12       000000
__Htext13                                      text13       000000
__Htext14                                      text14       000000
__Htext15                                      text15       000000
__Htext17                                      text17       000000
__Htext18                                      text18       000000
__Htext19                                      text19       000000
__Htext2                                       text2        000000
__Htext20                                      text20       000000
__Htext21                                      text21       000000
__Htext22                                      text22       000000
__Htext23                                      text23       000000
__Htext24                                      text24       000000
__Htext25                                      text25       000000
__Htext26                                      text26       000000
__Htext27                                      text27       000000
__Htext28                                      text28       000000
__Htext29                                      text29       000000
__Htext3                                       text3        000000
__Htext30                                      text30       000000
__Htext31                                      text31       000000
__Htext32                                      text32       000000
__Htext33                                      text33       000000
__Htext34                                      text34       000000
__Htext35                                      text35       000000
__Htext36                                      text36       000000
__Htext37                                      text37       000000
__Htext38                                      text38       000000
__Htext4                                       text4        000000
__Htext5                                       text5        000000
__Htext6                                       text6        000000
__Htext7                                       text7        000000
__Htext8                                       text8        000000
__Htext9                                       text9        000000
__LRAM                                         (abs)        000001
__L__absolute__                                __absolute__ 000000
__Labs1                                        abs1         000000
__Lbank0                                       bank0        000000
__Lbank1                                       bank1        000000
__Lbank10                                      bank10       000000
__Lbank11                                      bank11       000000
__Lbank12                                      bank12       000000
__Lbank13                                      bank13       000000
__Lbank14                                      bank14       000000
__Lbank15                                      bank15       000000
__Lbank2                                       bank2        000000
__Lbank3                                       bank3        000000
__Lbank4                                       bank4        000000
__Lbank5                                       bank5        000000
__Lbank6                                       bank6        000000
__Lbank7                                       bank7        000000
__Lbank8                                       bank8        000000
__Lbank9                                       bank9        000000
__Lbigbss                                      bigbss       000000
__Lbigdata                                     bigdata      000000
__Lbigram                                      bigram       000000
__Lbigsfr                                      bigsfr       000000
__Lbss                                         bss          000000
__LbssCOMRAM                                   bssCOMRAM    000000
__Lcinit                                       cinit        000000
__Lclrtext                                     clrtext      000000
__Lcomram                                      comram       000000
__Lconfig                                      config       000000
__Lconst                                       const        000000
__LcstackCOMRAM                                cstackCOMRAM 000000
__Ldata                                        data         000000
__Leeprom_data                                 eeprom_data  000000
__Lfarbss                                      farbss       000000
__Lfardata                                     fardata      000000
__Lheap                                        heap         000000
__Libigdata                                    ibigdata     000000
__Lidata                                       idata        000000
__Lidloc                                       idloc        000000
__Lifardata                                    ifardata     000000
__Linit                                        init         0000C0
__Lintcode                                     intcode      000008
__Lintcode_body                                intcode_body 000000
__Lintcodelo                                   intcodelo    0000C0
__Lintentry                                    intentry     000000
__Lintret                                      intret       000000
__Lintsave_regs                                intsave_regs 000000
__Lirdata                                      irdata       000000
__Lmediumconst                                 mediumconst  000000
__LnvCOMRAM                                    nvCOMRAM     000000
__LnvFARRAM                                    nvFARRAM     000000
__Lnvbit                                       nvbit        000000
__Lnvrram                                      nvrram       000000
__Lparam                                       rparam       000000
__Lpowerup                                     powerup      0000C0
__Lram                                         ram          000000
__Lramtop                                      ramtop       001000
__Lrbit                                        rbit         000000
__Lrbss                                        rbss         000000
__Lrdata                                       rdata        000000
__Lreset_vec                                   reset_vec    000000
__Lrparam                                      rparam       000000
__Lsfr                                         sfr          000000
__Lsmallconst                                  smallconst   000000
__Lspace_0                                     (abs)        000000
__Lspace_1                                     (abs)        000000
__Lspace_2                                     (abs)        000000
__Lspace_4                                     (abs)        000000
__Lstack                                       stack        000000
__Lstruct                                      struct       000000
__Ltemp                                        temp         000031
__Ltext                                        text         000000
__Ltext0                                       text0        000000
__Ltext1                                       text1        000000
__Ltext10                                      text10       000000
__Ltext11                                      text11       000000
__Ltext12                                      text12       000000
__Ltext13                                      text13       000000
__Ltext14                                      text14       000000
__Ltext15                                      text15       000000
__Ltext17                                      text17       000000
__Ltext18                                      text18       000000
__Ltext19                                      text19       000000
__Ltext2                                       text2        000000
__Ltext20                                      text20       000000
__Ltext21                                      text21       000000
__Ltext22                                      text22       000000
__Ltext23                                      text23       000000
__Ltext24                                      text24       000000
__Ltext25                                      text25       000000
__Ltext26                                      text26       000000
__Ltext27                                      text27       000000
__Ltext28                                      text28       000000
__Ltext29                                      text29       000000
__Ltext3                                       text3        000000
__Ltext30                                      text30       000000
__Ltext31                                      text31       000000
__Ltext32                                      text32       000000
__Ltext33                                      text33       000000
__Ltext34                                      text34       000000
__Ltext35                                      text35       000000
__Ltext36                                      text36       000000
__Ltext37                                      text37       000000
__Ltext38                                      text38       000000
__Ltext4                                       text4        000000
__Ltext5                                       text5        000000
__Ltext6                                       text6        000000
__Ltext7                                       text7        000000
__Ltext8                                       text8        000000
__Ltext9                                       text9        000000
__S0                                           (abs)        000A4C
__S1                                           (abs)        000032
__S4                                           (abs)        000000
__S5                                           (abs)        000000
___heap_hi                                     (abs)        000000
___heap_lo                                     (abs)        000000
___inthi_sp                                    stack        000000
___intlo_sp                                    stack        000000
___param_bank                                  (abs)        000000
___rparam_used                                 (abs)        000001
___sp                                          stack        000000
__accesstop                                    (abs)        000060
__activetblptr                                 (abs)        000002
__end_of_DATAEE_WriteByte                      text15       000700
__end_of_EUSART_Initialize                     text10       00073E
__end_of_EUSART_Read                           text14       0008A0
__end_of_EUSART_SetErrorHandler                text13       000A1C
__end_of_EUSART_SetFramingErrorHandler         text12       000A12
__end_of_EUSART_SetOverrunErrorHandler         text11       000A08
__end_of_I2C_Initialize                        text9        0009D4
__end_of_I2C_Isr                               text23       0006BC
__end_of_I2C_SlaveAddrCallBack                 text35       000878
__end_of_I2C_SlaveClearIrq                     text34       000A44
__end_of_I2C_SlaveDefAddrInterruptHandler      text36       000A3C
__end_of_I2C_SlaveDefRdInterruptHandler        text29       000A34
__end_of_I2C_SlaveDefWrInterruptHandler        text25       000A24
__end_of_I2C_SlaveGetRxData                    text37       000A48
__end_of_I2C_SlaveIsAddr                       text33       0009C4
__end_of_I2C_SlaveIsRead                       text32       0009B0
__end_of_I2C_SlaveIsRxBufFull                  text31       00099C
__end_of_I2C_SlaveIsTxBufEmpty                 text30       000988
__end_of_I2C_SlaveRdCallBack                   text28       00084A
__end_of_I2C_SlaveReleaseClock                 text27       000A40
__end_of_I2C_SlaveSendTxData                   text26       000A2C
__end_of_I2C_SlaveWrCallBack                   text24       00081C
__end_of_INTERRUPT_Initialize                  text8        0009E0
__end_of_INTERRUPT_InterruptManagerHigh        intcode      0000C0
__end_of_OSCILLATOR_Initialize                 text7        0009FE
__end_of_PIN_MANAGER_Initialize                text6        0007EE
__end_of_SYSTEM_Initialize                     text1        00095A
__end_of_TMR1_DefaultInterruptHandler          text22       000A4C
__end_of_TMR1_ISR                              text20       0007B6
__end_of_TMR1_Initialize                       text4        00093C
__end_of_TMR1_SetInterruptHandler              text5        0009F4
__end_of_TMR1_WriteTimer                       text21       0008F0
__end_of_TMR3_DefaultInterruptHandler          text19       000A4A
__end_of_TMR3_ISR                              text17       00077A
__end_of_TMR3_Initialize                       text2        000916
__end_of_TMR3_SetInterruptHandler              text3        0009EA
__end_of_TMR3_WriteTimer                       text18       0008C8
__end_of__initialization                       cinit        000966
__end_of_main                                  text0        0005C0
__initialization                               cinit        00095A
__mediumconst                                  mediumconst  000000
__pbssCOMRAM                                   bssCOMRAM    000001
__pcinit                                       cinit        00095A
__pcstackCOMRAM                                cstackCOMRAM 000026
__pintcode                                     intcode      000008
__pnvCOMRAM                                    nvCOMRAM     00001B
__ptext0                                       text0        0000C4
__ptext1                                       text1        00093C
__ptext10                                      text10       000700
__ptext11                                      text11       0009FE
__ptext12                                      text12       000A08
__ptext13                                      text13       000A12
__ptext14                                      text14       000878
__ptext15                                      text15       0006BC
__ptext17                                      text17       00073E
__ptext18                                      text18       0008A0
__ptext19                                      text19       000A48
__ptext2                                       text2        0008F0
__ptext20                                      text20       00077A
__ptext21                                      text21       0008C8
__ptext22                                      text22       000A4A
__ptext23                                      text23       0005C0
__ptext24                                      text24       0007EE
__ptext25                                      text25       000A1C
__ptext26                                      text26       000A24
__ptext27                                      text27       000A3C
__ptext28                                      text28       00081C
__ptext29                                      text29       000A2C
__ptext3                                       text3        0009E0
__ptext30                                      text30       000974
__ptext31                                      text31       000988
__ptext32                                      text32       00099C
__ptext33                                      text33       0009B0
__ptext34                                      text34       000A40
__ptext35                                      text35       00084A
__ptext36                                      text36       000A34
__ptext37                                      text37       000A44
__ptext38                                      text38       000000
__ptext4                                       text4        000916
__ptext5                                       text5        0009EA
__ptext6                                       text6        0007B6
__ptext7                                       text7        0009F4
__ptext8                                       text8        0009D4
__ptext9                                       text9        0009C4
__ramtop                                       ramtop       001000
__smallconst                                   smallconst   000000
_counter                                       bssCOMRAM    000013
_eusartRxLastError                             bssCOMRAM    000016
_i2cRdData                                     bssCOMRAM    000019
_i2cSlaveAddr                                  bssCOMRAM    000018
_i2cSlaveState                                 bssCOMRAM    000017
_i2cWrData                                     bssCOMRAM    00001A
_main                                          text0        0000C4
_readed_value                                  nvCOMRAM     000025
_timer1ReloadVal                               bssCOMRAM    000003
_timer3ReloadVal                               bssCOMRAM    000001
_window1_state                                 bssCOMRAM    000012
_window2_state                                 bssCOMRAM    000011
_zero_crossing                                 bssCOMRAM    000014
btemp                                          temp         000031
end_of_initialization                          cinit        000966
int$flags                                      temp         000031
intlevel0                                      text         000000
intlevel1                                      text         000000
intlevel2                                      text         000000
intlevel3                                      text         000000
isa$std                                        (abs)        000001
isa$xinst                                      (abs)        000000
stackhi                                        (abs)        000000
stacklo                                        (abs)        000000
start                                          init         0000C0
start_initialization                           cinit        00095A
ttemp5                                         temp         000032
ttemp6                                         temp         000035
ttemp7                                         temp         000039
wtemp8                                         temp         000032


MODULE INFORMATION

Module		Function		Class		Link	Load	Size
mcc_generated_files/i2c_slave.c
		_I2C_SlaveDefRdInterruptHandler		CODE           	0A2C	0000	8
		_I2C_SlaveDefWrInterruptHandler		CODE           	0A1C	0000	8
		_I2C_SlaveIsRxBufFull		CODE           	0988	0000	20
		_I2C_SlaveClearIrq		CODE           	0A40	0000	4
		_I2C_SlaveGetRxData		CODE           	0A44	0000	4
		_I2C_Isr       		CODE           	05C0	0000	252
		_I2C_SlaveDefAddrInterruptHandler		CODE           	0A34	0000	8
		_I2C_SlaveIsRead		CODE           	099C	0000	20
		_I2C_SlaveIsAddr		CODE           	09B0	0000	20
		_I2C_SlaveSendTxData		CODE           	0A24	0000	8
		_I2C_SlaveRdCallBack		CODE           	081C	0000	46
		_I2C_SlaveWrCallBack		CODE           	07EE	0000	46
		_I2C_SlaveAddrCallBack		CODE           	084A	0000	46
		_I2C_Initialize		CODE           	09C4	0000	16
		_I2C_SlaveIsTxBufEmpty		CODE           	0974	0000	20
		_I2C_SlaveReleaseClock		CODE           	0A3C	0000	4

mcc_generated_files/i2c_slave.c estimated size: 530

mcc_generated_files/interrupt_manager.c
		_INTERRUPT_Initialize		CODE           	09D4	0000	12
		_INTERRUPT_InterruptManagerHigh		CODE           	0008	0000	184

mcc_generated_files/interrupt_manager.c estimated size: 196

mcc_generated_files/pin_manager.c
		_PIN_MANAGER_Initialize		CODE           	07B6	0000	56

mcc_generated_files/pin_manager.c estimated size: 56

shared
		__initialization		CODE           	095A	0000	12

shared estimated size: 12

mcc_generated_files/mcc.c
		_OSCILLATOR_Initialize		CODE           	09F4	0000	10
		_SYSTEM_Initialize		CODE           	093C	0000	30

mcc_generated_files/mcc.c estimated size: 40

mcc_generated_files/tmr3.c
		_TMR3_ISR      		CODE           	073E	0000	60
		_TMR3_Initialize		CODE           	08F0	0000	38
		_TMR3_SetInterruptHandler		CODE           	09E0	0000	10
		_TMR3_DefaultInterruptHandler		CODE           	0A48	0000	2
		_TMR3_WriteTimer		CODE           	08A0	0000	40

mcc_generated_files/tmr3.c estimated size: 150

mcc_generated_files/tmr1.c
		_TMR1_Initialize		CODE           	0916	0000	38
		_TMR1_SetInterruptHandler		CODE           	09EA	0000	10
		_TMR1_DefaultInterruptHandler		CODE           	0A4A	0000	2
		_TMR1_WriteTimer		CODE           	08C8	0000	40
		_TMR1_ISR      		CODE           	077A	0000	60

mcc_generated_files/tmr1.c estimated size: 150

mcc_generated_files/memory.c
		_DATAEE_WriteByte		CODE           	06BC	0000	68

mcc_generated_files/memory.c estimated size: 68

mcc_generated_files/eusart.c
		_EUSART_Read   		CODE           	0878	0000	40
		_EUSART_Initialize		CODE           	0700	0000	62
		_EUSART_SetFramingErrorHandler		CODE           	0A08	0000	10
		_EUSART_SetErrorHandler		CODE           	0A12	0000	10
		_EUSART_SetOverrunErrorHandler		CODE           	09FE	0000	10

mcc_generated_files/eusart.c estimated size: 132

main.c
		_main          		CODE           	00C4	0000	1276

main.c estimated size: 1276

