Microchip MPLAB XC8 Compiler V2.41

Linker command line:

-W-3 \
  --edf=C:\Program Files\Microchip\xc8\v2.41\pic\dat\20230208172133_en.msgs \
  -cn -h+dist/default/production\SmartHome.X.production.sym \
  --cmf=dist/default/production\SmartHome.X.production.cmf -z -Q18F46K20 \
  -oC:\Users\abdoe\AppData\Local\Temp\xcAsr28.\driver_tmp_3.o \
  --defsym=__MPLAB_BUILD=1 --fixupoverflow=error \
  -Mdist/default/production/SmartHome.X.production.map \
  --md=C:\Users\abdoe\AppData\Local\Temp\xcAsr28.\driver_tmp_0.dat -E1 \
  -ver=XC8 Compiler --acfsm=1493 -ACODE=00h-0FFFFh -ACONST=00h-0FFFFh \
  -ASMALLCONST=01000h-010FFhx240 -AMEDIUMCONST=01000h-0FFFFh \
  -ACOMRAM=01h-05Fh -AABS1=00h-0F5Fh -ABIGRAM=01h-0F5Fh \
  -ARAM=060h-0FFh,0100h-01FFhx14,0F00h-0F5Fh -ABANK0=060h-0FFh \
  -ABANK1=0100h-01FFh -ABANK2=0200h-02FFh -ABANK3=0300h-03FFh \
  -ABANK4=0400h-04FFh -ABANK5=0500h-05FFh -ABANK6=0600h-06FFh \
  -ABANK7=0700h-07FFh -ABANK8=0800h-08FFh -ABANK9=0900h-09FFh \
  -ABANK10=0A00h-0AFFh -ABANK11=0B00h-0BFFh -ABANK12=0C00h-0CFFh \
  -ABANK13=0D00h-0DFFh -ABANK14=0E00h-0EFFh -ABANK15=0F00h-0F5Fh \
  -ASFR=0F60h-0FFFh -ABIGSFR=0F60h-0FFFh -ACONFIG=0300000h-030000Dh \
  -AIDLOC=0200000h-0200007h -AEEDATA=0F00000h-0F003FFh -peeprom_data=EEDATA \
  -preset_vec=00h,intcode=08h,intcodelo,powerup,init -pramtop=01000h \
  -psmallconst=SMALLCONST -pmediumconst=MEDIUMCONST -pconst=CONST \
  -AFARRAM=00h-00h \
  -prdata=COMRAM,nvrram=COMRAM,nvbit=COMRAM,rbss=COMRAM,rbit=COMRAM \
  -pfarbss=FARRAM,fardata=FARRAM,nvFARRAM=FARRAM \
  -pintsave_regs=BIGRAM,bigbss=BIGRAM,bigdata=BIGRAM -pbss=RAM \
  -pidata=CODE,irdata=CODE,ibigdata=CODE,ifardata=CODE -prparam=COMRAM \
  C:\Users\abdoe\AppData\Local\Temp\xcAsr28.\driver_tmp_9.o \
  dist/default/production\SmartHome.X.production.o 

Object code version is 3.11

Machine type is 18F46K20



                Name                               Link     Load   Length Selector   Space Scale
C:\Users\abdoe\AppData\Local\Temp\xcAsr28.\driver_tmp_9.o
                idloc                            200000   200000        8        0       5
                config                           300000   300000        E        0       4
                init                                 B6       B6        4        4       0
                reset_vec                             0        0        4        0       0
dist/default/production\SmartHome.X.production.o
                intcode                               8        8       AE        4       0
                idloc                            200000   200000        8        0       5
                config                           300000   300000        E        0       4
                temp                                 4B       4B        1        1       1
                mediumconst                        FE2A     FE2A      1D6     7F15       0
                text81                             23B2     23B2        4     1158       0
                text80                             23AE     23AE        4     1158       0
                text79                             214E     214E       24        4       0
                text78                             1C64     1C64       76        4       0
                text77                             220E     220E       18        4       0
                text76                             20AA     20AA       2C        4       0
                text75                             207E     207E       2C        4       0
                text74                             2052     2052       2C        4       0
                text73                             2026     2026       2C        4       0
                text72                             1F48     1F48       40        4       0
                text71                             23AA     23AA        4     1158       0
                text70                             23A6     23A6        4     1158       0
                text69                             23A2     23A2        4     1158       0
                text68                             2378     2378        6     1158       0
                text67                             239E     239E        4     1158       0
                text66                             2372     2372        6     1158       0
                text65                             2364     2364        8     1158       0
                text64                             227C     227C       14        4       0
                text63                             239A     239A        4     1158       0
                text62                             1B6E     1B6E       7C        4       0
                text61                             22D6     22D6        C     1158       0
                text60                             2290     2290       10        4       0
                text59                             22B0     22B0        E     1158       0
                text58                             166E     166E       C4        4       0
                text57                             18A4     18A4       A6        4       0
                text56                             22CA     22CA        C     1158       0
                text55                             235C     235C        8     1158       0
                text54                             2354     2354        8     1158       0
                text53                             234C     234C        8     1158       0
                text52                             2344     2344        8     1158       0
                text51                             233C     233C        8     1158       0
                text50                             2334     2334        8     1158       0
                text49                             232C     232C        8     1158       0
                text48                             22BE     22BE        C     1158       0
                text47                             1DB0     1DB0       66        4       0
                text46                             2396     2396        4     1158       0
                text45                             1CDA     1CDA       70        4       0
                text44                             236C     236C        6     1158       0
                text42                             2194     2194       1A        4       0
                text41                             1E78     1E78       48        4       0
                text40                             21F6     21F6       18        4       0
                text39                             1D4A     1D4A       66        4       0
                text38                             2100     2100       2A        4       0
                text37                             2252     2252       16        4       0
                text36                             2324     2324        8     1158       0
                text35                             19EC     19EC       84        4       0
                text34                             20D6     20D6       2A        4       0
                text33                             223C     223C       16        4       0
                text32                             1F88     1F88       3C        4       0
                text31                             230A     230A        A     1158       0
                text30                             2300     2300        A     1158       0
                text29                             22F6     22F6        A     1158       0
                text28                             1F04     1F04       44        4       0
                text27                             2268     2268       14        4       0
                text26                             231C     231C        8     1158       0
                text25                             22EC     22EC        A     1158       0
                text24                             1FC4     1FC4       34        4       0
                text23                             2226     2226       16        4       0
                text22                             2392     2392        4     1158       0
                text21                             238E     238E        4     1158       0
                text20                             238A     238A        4     1158       0
                text19                             1FF8     1FF8       2E        4       0
                text18                             2386     2386        4     1158       0
                text17                             1EC0     1EC0       44        4       0
                text16                             2314     2314        8     1158       0
                text15                             2382     2382        4     1158       0
                text14                             2172     2172       22        4       0
                text13                             22E2     22E2        A     1158       0
                text12                             194A     194A       A2        4       0
                text11                             1BEA     1BEA       7A        4       0
                text10                             21DE     21DE       18        4       0
                text9                              212A     212A       24        4       0
                text8                              21C6     21C6       18        4       0
                text7                              1A70     1A70       82        4       0
                text6                              21AE     21AE       18        4       0
                text5                              15A8     15A8       C6        4       0
                text4                              17F2     17F2       B2        4       0
                text3                              1AF2     1AF2       7C        4       0
                text2                              1732     1732       C0        4       0
                text1                              14C0     14C0       E8        4       0
                text0                                BA       BA     1406        4       0
                cstackCOMRAM                         23       23       19        1       1
                cstackBANK0                          9C       9C       12       60       1
                dataBANK0                            AE       AE        4       60       1
                bssBANK0                             60       60       3C       60       1
                dataCOMRAM                           3C       3C        F        1       1
                bssCOMRAM                             1        1       22        1       1
                cinit                              1E16     1E16       62        4       0
                idataBANK0                         237E     237E        4     1158       0
                idataCOMRAM                        22A0     22A0        F        4       0

TOTAL           Name                               Link     Load   Length     Space
        CLASS   CODE           
                intcode                               8        8       AE         0
                init                                 B6       B6        4         0
                reset_vec                             0        0        4         0
                text81                             23B2     23B2        4         0
                text80                             23AE     23AE        4         0
                text79                             214E     214E       24         0
                text78                             1C64     1C64       76         0
                text77                             220E     220E       18         0
                text76                             20AA     20AA       2C         0
                text75                             207E     207E       2C         0
                text74                             2052     2052       2C         0
                text73                             2026     2026       2C         0
                text72                             1F48     1F48       40         0
                text71                             23AA     23AA        4         0
                text70                             23A6     23A6        4         0
                text69                             23A2     23A2        4         0
                text68                             2378     2378        6         0
                text67                             239E     239E        4         0
                text66                             2372     2372        6         0
                text65                             2364     2364        8         0
                text64                             227C     227C       14         0
                text63                             239A     239A        4         0
                text62                             1B6E     1B6E       7C         0
                text61                             22D6     22D6        C         0
                text60                             2290     2290       10         0
                text59                             22B0     22B0        E         0
                text58                             166E     166E       C4         0
                text57                             18A4     18A4       A6         0
                text56                             22CA     22CA        C         0
                text55                             235C     235C        8         0
                text54                             2354     2354        8         0
                text53                             234C     234C        8         0
                text52                             2344     2344        8         0
                text51                             233C     233C        8         0
                text50                             2334     2334        8         0
                text49                             232C     232C        8         0
                text48                             22BE     22BE        C         0
                text47                             1DB0     1DB0       66         0
                text46                             2396     2396        4         0
                text45                             1CDA     1CDA       70         0
                text44                             236C     236C        6         0
                text42                             2194     2194       1A         0
                text41                             1E78     1E78       48         0
                text40                             21F6     21F6       18         0
                text39                             1D4A     1D4A       66         0
                text38                             2100     2100       2A         0
                text37                             2252     2252       16         0
                text36                             2324     2324        8         0
                text35                             19EC     19EC       84         0
                text34                             20D6     20D6       2A         0
                text33                             223C     223C       16         0
                text32                             1F88     1F88       3C         0
                text31                             230A     230A        A         0
                text30                             2300     2300        A         0
                text29                             22F6     22F6        A         0
                text28                             1F04     1F04       44         0
                text27                             2268     2268       14         0
                text26                             231C     231C        8         0
                text25                             22EC     22EC        A         0
                text24                             1FC4     1FC4       34         0
                text23                             2226     2226       16         0
                text22                             2392     2392        4         0
                text21                             238E     238E        4         0
                text20                             238A     238A        4         0
                text19                             1FF8     1FF8       2E         0
                text18                             2386     2386        4         0
                text17                             1EC0     1EC0       44         0
                text16                             2314     2314        8         0
                text15                             2382     2382        4         0
                text14                             2172     2172       22         0
                text13                             22E2     22E2        A         0
                text12                             194A     194A       A2         0
                text11                             1BEA     1BEA       7A         0
                text10                             21DE     21DE       18         0
                text9                              212A     212A       24         0
                text8                              21C6     21C6       18         0
                text7                              1A70     1A70       82         0
                text6                              21AE     21AE       18         0
                text5                              15A8     15A8       C6         0
                text4                              17F2     17F2       B2         0
                text3                              1AF2     1AF2       7C         0
                text2                              1732     1732       C0         0
                text1                              14C0     14C0       E8         0
                text0                                BA       BA     1406         0
                cinit                              1E16     1E16       62         0
                idataBANK0                         237E     237E        4         0
                idataCOMRAM                        22A0     22A0        F         0

        CLASS   CONST          

        CLASS   SMALLCONST     

        CLASS   MEDIUMCONST    
                mediumconst                        FE2A     FE2A      1D6         0

        CLASS   COMRAM         
                temp                                 4B       4B        1         1
                cstackCOMRAM                         23       23       19         1
                dataCOMRAM                           3C       3C        F         1
                bssCOMRAM                             1        1       22         1

        CLASS   ABS1           

        CLASS   BIGRAM         

        CLASS   RAM            

        CLASS   BANK0          
                cstackBANK0                          9C       9C       12         1
                dataBANK0                            AE       AE        4         1
                bssBANK0                             60       60       3C         1

        CLASS   BANK1          

        CLASS   BANK2          

        CLASS   BANK3          

        CLASS   BANK4          

        CLASS   BANK5          

        CLASS   BANK6          

        CLASS   BANK7          

        CLASS   BANK8          

        CLASS   BANK9          

        CLASS   BANK10         

        CLASS   BANK11         

        CLASS   BANK12         

        CLASS   BANK13         

        CLASS   BANK14         

        CLASS   BANK15         

        CLASS   SFR            

        CLASS   BIGSFR         

        CLASS   CONFIG         
                config                           300000   300000        E         4

        CLASS   IDLOC          
                idloc                            200000   200000        8         5

        CLASS   EEDATA         

        CLASS   FARRAM         

        CLASS   HEAP           

        CLASS   STACK          



SEGMENTS        Name                           Load    Length   Top    Selector   Space  Class

                reset_vec                      000000  000004  000004         0       0  CODE    
                bssCOMRAM                      000001  00004B  00004C         1       1  COMRAM  
                intcode                        000008  0022A7  0022AF         4       0  CODE    
                bssBANK0                       000060  000052  0000B2        60       1  BANK0   
                text59                         0022B0  000106  0023B6      1158       0  CODE    
                mediumconst                    00FE2A  0001D6  010000      7F15       0  MEDIUMCO


UNUSED ADDRESS RANGES

        Name                Unused          Largest block    Delta
        BANK0            0000B2-0000FF               4E
        BANK1            000100-0001FF              100
        BANK10           000A00-000AFF              100
        BANK11           000B00-000BFF              100
        BANK12           000C00-000CFF              100
        BANK13           000D00-000DFF              100
        BANK14           000E00-000EFF              100
        BANK15           000F00-000F5F               60
        BANK2            000200-0002FF              100
        BANK3            000300-0003FF              100
        BANK4            000400-0004FF              100
        BANK5            000500-0005FF              100
        BANK6            000600-0006FF              100
        BANK7            000700-0007FF              100
        BANK8            000800-0008FF              100
        BANK9            000900-0009FF              100
        BIGRAM           00004C-00005F               14
                         0000B2-000F5F              EAE
        BIGSFR           000F60-000FFF               A0
        CODE             000004-000007                4
                         0022AF-0022AF                1
                         0023B6-00FE29             DA74
        COMRAM           00004C-00005F               14
        CONST            000004-000007                4
                         0022AF-0022AF                1
                         0023B6-00FE29             DA74
        EEDATA           F00000-F003FF              400
        MEDIUMCONST      0022AF-0022AF                1
                         0023B6-00FE29             DA74
        RAM              0000B2-000F5F              100
        SFR              000F60-000FFF               A0
        SMALLCONST       0022AF-0022AF                1
                         0023B6-00FE29              100

                                  Symbol Table

?___awdiv                                      cstackBANK0  00009C
?___awmod                                      cstackBANK0  00009C
DATAEE_ReadByte@bAdd                           cstackBANK0  00009C
DATAEE_WriteByte@GIEBitValue                   cstackBANK0  0000A7
DATAEE_WriteByte@bAdd                          cstackBANK0  0000A4
DATAEE_WriteByte@bData                         cstackBANK0  0000A6
DIO_write_port@portname                        cstackBANK0  00009F
DIO_write_port@portvalue                       cstackBANK0  00009C
EUSART_SetErrorHandler@interruptHandler        cstackBANK0  00009C
EUSART_SetFramingErrorHandler@interruptHandler cstackBANK0  00009C
EUSART_SetOverrunErrorHandler@interruptHandler cstackBANK0  00009C
EUSART_Write@txData                            cstackBANK0  00009C
I2C_CallbackReturnReset@funPtr                 cstackCOMRAM 00002C
I2C_Close@returnValue                          cstackBANK0  00009C
I2C_MasterOperation@read                       cstackBANK0  00009C
I2C_MasterOperation@returnValue                cstackBANK0  00009D
I2C_MasterSendTxData@data                      cstackCOMRAM 000023
I2C_Open@address                               cstackBANK0  00009E
I2C_Open@returnValue                           cstackBANK0  00009F
I2C_Read1ByteRegister@address                  cstackBANK0  0000A6
I2C_Read1ByteRegister@reg                      cstackBANK0  0000A5
I2C_Read1ByteRegister@returnValue              cstackBANK0  0000A7
I2C_SetAddressNackCallback@cb                  cstackBANK0  0000A1
I2C_SetAddressNackCallback@ptr                 cstackBANK0  0000A3
I2C_SetBuffer@buffer                           cstackBANK0  00009C
I2C_SetBuffer@bufferSize                       cstackBANK0  00009E
I2C_SetCallback@cb                             cstackBANK0  00009C
I2C_SetCallback@idx                            cstackBANK0  0000A0
I2C_SetCallback@ptr                            cstackBANK0  00009E
I2C_SetDataCompleteCallback@cb                 cstackBANK0  0000A1
I2C_SetDataCompleteCallback@ptr                cstackBANK0  0000A3
I2C_SetInterruptHandler@InterruptHandler       cstackBANK0  00009C
LCD_movecursor@coloumn                         cstackBANK0  0000A1
LCD_movecursor@data                            cstackBANK0  0000A2
LCD_movecursor@row                             cstackBANK0  0000A3
LCD_vSend_char@data                            cstackBANK0  0000A0
LCD_vSend_cmd@cmd                              cstackBANK0  0000A0
LCD_vSend_string@data                          cstackBANK0  0000A1
TempSensor_TC74_Read_Temp@TC74_Address         cstackBANK0  0000A8
TempSensor_TC74_Read_Temp@TC74_TempValue       cstackBANK0  0000A9
_ANSEL                                         (abs)        000F7E
_ANSELH                                        (abs)        000F7F
_BAUDCON                                       (abs)        000FB8
_DATAEE_ReadByte                               text42       002194
_DATAEE_WriteByte                              text41       001E78
_DIO_write_port                                text39       001D4A
_EEADR                                         (abs)        000FA9
_EEADRH                                        (abs)        000FAA
_EECON1bits                                    (abs)        000FA6
_EECON2                                        (abs)        000FA7
_EEDATA                                        (abs)        000FA8
_EUSART_DefaultErrorHandler                    (abs)        000000
_EUSART_DefaultFramingErrorHandler             (abs)        000000
_EUSART_DefaultOverrunErrorHandler             (abs)        000000
_EUSART_ErrorHandler                           bssCOMRAM    000007
_EUSART_FramingErrorHandler                    bssCOMRAM    00000B
_EUSART_Initialize                             text28       001F04
_EUSART_OverrunErrorHandler                    bssCOMRAM    000009
_EUSART_SetErrorHandler                        text31       00230A
_EUSART_SetFramingErrorHandler                 text30       002300
_EUSART_SetOverrunErrorHandler                 text29       0022F6
_EUSART_Write                                  text40       0021F6
_Full_Password                                 dataCOMRAM   000040
_I2C_CallbackReturnReset                       text70       0023A6
_I2C_CallbackReturnStop                        text71       0023AA
_I2C_Close                                     text19       001FF8
_I2C_DO_ADDRESS_NACK                           text47       001DB0
_I2C_DO_IDLE                                   text61       0022D6
_I2C_DO_RCEN                                   text56       0022CA
_I2C_DO_RESET                                  text48       0022BE
_I2C_DO_RX                                     text57       0018A4
_I2C_DO_RX_ACK                                 text51       00233C
_I2C_DO_RX_NACK_RESTART                        text49       00232C
_I2C_DO_RX_NACK_STOP                           text50       002334
_I2C_DO_SEND_ADR_READ                          text60       002290
_I2C_DO_SEND_ADR_WRITE                         text59       0022B0
_I2C_DO_SEND_RESTART                           text53       00234C
_I2C_DO_SEND_RESTART_READ                      text55       00235C
_I2C_DO_SEND_RESTART_WRITE                     text54       002354
_I2C_DO_SEND_STOP                              text52       002344
_I2C_DO_TX                                     text58       00166E
_I2C_DO_TX_EMPTY                               text62       001B6E
_I2C_Initialize                                text27       002268
_I2C_MasterClearIrq                            text22       002392
_I2C_MasterClose                               text21       00238E
_I2C_MasterDisableIrq                          text20       00238A
_I2C_MasterEnableIrq                           text15       002382
_I2C_MasterEnableRestart                       text81       0023B2
_I2C_MasterFsm                                 text45       001CDA
_I2C_MasterGetRxData                           text67       00239E
_I2C_MasterIsNack                              text64       00227C
_I2C_MasterIsr                                 text44       00236C
_I2C_MasterOpen                                text14       002172
_I2C_MasterOperation                           text17       001EC0
_I2C_MasterSendAck                             text66       002372
_I2C_MasterSendNack                            text68       002378
_I2C_MasterSendTxData                          text65       002364
_I2C_MasterSetIrq                              text63       00239A
_I2C_MasterStart                               text18       002386
_I2C_MasterStartRx                             text69       0023A2
_I2C_MasterStop                                text80       0023AE
_I2C_MasterWrite                               text16       002314
_I2C_Open                                      text12       00194A
_I2C_Read1ByteRegister                         text7        001A70
_I2C_SetAddressNackCallback                    text10       0021DE
_I2C_SetBuffer                                 text9        00212A
_I2C_SetCallback                               text11       001BEA
_I2C_SetDataCompleteCallback                   text8        0021C6
_I2C_SetInterruptHandler                       text13       0022E2
_I2C_Status                                    bssBANK0     000060
_INTCON2bits                                   (abs)        000FF1
_INTCONbits                                    (abs)        000FF2
_INTERRUPT_Initialize                          text26       00231C
_INTERRUPT_InterruptManagerHigh                intcode      000008
_IPR1bits                                      (abs)        000F9F
_IPR2bits                                      (abs)        000FA2
_Input_temp                                    dataCOMRAM   00004A
_LATA                                          (abs)        000F89
_LATB                                          (abs)        000F8A
_LATBbits                                      (abs)        000F8A
_LATC                                          (abs)        000F8B
_LATCbits                                      (abs)        000F8B
_LATD                                          (abs)        000F8C
_LATE                                          (abs)        000F8D
_LCD_clearscreen                               text36       002324
_LCD_movecursor                                text35       0019EC
_LCD_vInit                                     text34       0020D6
_LCD_vSend_char                                text33       00223C
_LCD_vSend_cmd                                 text37       002252
_LCD_vSend_string                              text32       001F88
_MSSP_InterruptHandler                         bssCOMRAM    00000D
_ON_counter                                    bssCOMRAM    00001E
_OSCCON                                        (abs)        000FD3
_OSCILLATOR_Initialize                         text25       0022EC
_OSCTUNE                                       (abs)        000F9B
_PIE1bits                                      (abs)        000F9D
_PIE2bits                                      (abs)        000FA0
_PIN_MANAGER_Initialize                        text24       001FC4
_PIR1bits                                      (abs)        000F9E
_PIR2bits                                      (abs)        000FA1
_PORTA                                         (abs)        000F80
_PORTB                                         (abs)        000F81
_PORTBbits                                     (abs)        000F81
_PORTC                                         (abs)        000F82
_PORTD                                         (abs)        000F83
_Password_Approval                             bssCOMRAM    00001B
_Password_Check                                dataCOMRAM   00003C
_RCONbits                                      (abs)        000FD0
_RCREG                                         (abs)        000FAE
_RCSTA                                         (abs)        000FAB
_RCSTAbits                                     (abs)        000FAB
_RealTimeClockDS1307                           bssBANK0     000084
_RealTimeClockDS1307@RealTimeClockDS1307$F311  bssCOMRAM    000001
_RealTimeClockDS1307_Pack                      bssBANK0     00008A
_SPBRG                                         (abs)        000FAF
_SPBRGH                                        (abs)        000FB0
_SSPADD                                        (abs)        000FC8
_SSPBUF                                        (abs)        000FC9
_SSPCON1                                       (abs)        000FC6
_SSPCON1bits                                   (abs)        000FC6
_SSPCON2                                       (abs)        000FC5
_SSPCON2bits                                   (abs)        000FC5
_SSPSTAT                                       (abs)        000FC7
_SSPSTATbits                                   (abs)        000FC7
_SYSTEM_Initialize                             text23       002226
_TABLAT                                        (abs)        000FF5
_TBLPTRH                                       (abs)        000FF7
_TBLPTRL                                       (abs)        000FF6
_TBLPTRU                                       (abs)        000FF8
_TC74_A7_TempValue                             bssCOMRAM    00001F
_TRISA                                         (abs)        000F92
_TRISB                                         (abs)        000F93
_TRISC                                         (abs)        000F94
_TRISD                                         (abs)        000F95
_TRISE                                         (abs)        000F96
_TXREG                                         (abs)        000FAD
_TXSTA                                         (abs)        000FAC
_TXSTAbits                                     (abs)        000FAC
_TempSensor_TC74_Read_Temp                     text6        0021AE
_U4RecValue                                    bssCOMRAM    000021
_U5RecValue                                    bssCOMRAM    000020
_WPUB                                          (abs)        000F7C
__HRAM                                         (abs)        000000
__H__absolute__                                __absolute__ 000000
__Habs1                                        abs1         000000
__Hbank0                                       bank0        000000
__Hbank1                                       bank1        000000
__Hbank10                                      bank10       000000
__Hbank11                                      bank11       000000
__Hbank12                                      bank12       000000
__Hbank13                                      bank13       000000
__Hbank14                                      bank14       000000
__Hbank15                                      bank15       000000
__Hbank2                                       bank2        000000
__Hbank3                                       bank3        000000
__Hbank4                                       bank4        000000
__Hbank5                                       bank5        000000
__Hbank6                                       bank6        000000
__Hbank7                                       bank7        000000
__Hbank8                                       bank8        000000
__Hbank9                                       bank9        000000
__Hbigbss                                      bigbss       000000
__Hbigdata                                     bigdata      000000
__Hbigram                                      bigram       000000
__Hbigsfr                                      bigsfr       000000
__Hbss                                         bss          000000
__HbssBANK0                                    bssBANK0     000000
__HbssCOMRAM                                   bssCOMRAM    000000
__Hcinit                                       cinit        000000
__Hclrtext                                     clrtext      000000
__Hcomram                                      comram       000000
__Hconfig                                      config       30000E
__Hconst                                       const        000000
__HcstackBANK0                                 cstackBANK0  000000
__HcstackCOMRAM                                cstackCOMRAM 000000
__Hdata                                        data         000000
__HdataBANK0                                   dataBANK0    000000
__HdataCOMRAM                                  dataCOMRAM   000000
__Heeprom_data                                 eeprom_data  000000
__Hfarbss                                      farbss       000000
__Hfardata                                     fardata      000000
__Hheap                                        heap         000000
__Hibigdata                                    ibigdata     000000
__Hidata                                       idata        000000
__HidataBANK0                                  idataBANK0   000000
__HidataCOMRAM                                 idataCOMRAM  000000
__Hidloc                                       idloc        200008
__Hifardata                                    ifardata     000000
__Hinit                                        init         0000BA
__Hintcode                                     intcode      0000B6
__Hintcode_body                                intcode_body 000000
__Hintcodelo                                   intcodelo    0000B6
__Hintentry                                    intentry     000000
__Hintret                                      intret       000000
__Hintsave_regs                                intsave_regs 000000
__Hirdata                                      irdata       000000
__Hmediumconst                                 mediumconst  010000
__HnvFARRAM                                    nvFARRAM     000000
__Hnvbit                                       nvbit        000000
__Hnvrram                                      nvrram       000000
__Hparam                                       rparam       000000
__Hpowerup                                     powerup      0000B6
__Hram                                         ram          000000
__Hramtop                                      ramtop       001000
__Hrbit                                        rbit         000000
__Hrbss                                        rbss         000000
__Hrdata                                       rdata        000000
__Hreset_vec                                   reset_vec    000004
__Hrparam                                      rparam       000000
__Hsfr                                         sfr          000000
__Hsmallconst                                  smallconst   000000
__Hspace_0                                     (abs)        010000
__Hspace_1                                     (abs)        0000B2
__Hspace_2                                     (abs)        000000
__Hspace_4                                     (abs)        60000E
__Hstack                                       stack        000000
__Hstruct                                      struct       000000
__Htemp                                        temp         00004C
__Htext                                        text         000000
__Htext0                                       text0        000000
__Htext1                                       text1        000000
__Htext10                                      text10       000000
__Htext11                                      text11       000000
__Htext12                                      text12       000000
__Htext13                                      text13       000000
__Htext14                                      text14       000000
__Htext15                                      text15       000000
__Htext16                                      text16       000000
__Htext17                                      text17       000000
__Htext18                                      text18       000000
__Htext19                                      text19       000000
__Htext2                                       text2        000000
__Htext20                                      text20       000000
__Htext21                                      text21       000000
__Htext22                                      text22       000000
__Htext23                                      text23       000000
__Htext24                                      text24       000000
__Htext25                                      text25       000000
__Htext26                                      text26       000000
__Htext27                                      text27       000000
__Htext28                                      text28       000000
__Htext29                                      text29       000000
__Htext3                                       text3        000000
__Htext30                                      text30       000000
__Htext31                                      text31       000000
__Htext32                                      text32       000000
__Htext33                                      text33       000000
__Htext34                                      text34       000000
__Htext35                                      text35       000000
__Htext36                                      text36       000000
__Htext37                                      text37       000000
__Htext38                                      text38       000000
__Htext39                                      text39       000000
__Htext4                                       text4        000000
__Htext40                                      text40       000000
__Htext41                                      text41       000000
__Htext42                                      text42       000000
__Htext44                                      text44       000000
__Htext45                                      text45       000000
__Htext46                                      text46       000000
__Htext47                                      text47       000000
__Htext48                                      text48       000000
__Htext49                                      text49       000000
__Htext5                                       text5        000000
__Htext50                                      text50       000000
__Htext51                                      text51       000000
__Htext52                                      text52       000000
__Htext53                                      text53       000000
__Htext54                                      text54       000000
__Htext55                                      text55       000000
__Htext56                                      text56       000000
__Htext57                                      text57       000000
__Htext58                                      text58       000000
__Htext59                                      text59       000000
__Htext6                                       text6        000000
__Htext60                                      text60       000000
__Htext61                                      text61       000000
__Htext62                                      text62       000000
__Htext63                                      text63       000000
__Htext64                                      text64       000000
__Htext65                                      text65       000000
__Htext66                                      text66       000000
__Htext67                                      text67       000000
__Htext68                                      text68       000000
__Htext69                                      text69       000000
__Htext7                                       text7        000000
__Htext70                                      text70       000000
__Htext71                                      text71       000000
__Htext72                                      text72       000000
__Htext73                                      text73       000000
__Htext74                                      text74       000000
__Htext75                                      text75       000000
__Htext76                                      text76       000000
__Htext77                                      text77       000000
__Htext78                                      text78       000000
__Htext79                                      text79       000000
__Htext8                                       text8        000000
__Htext80                                      text80       000000
__Htext81                                      text81       000000
__Htext82                                      text82       000000
__Htext9                                       text9        000000
__LRAM                                         (abs)        000001
__L__absolute__                                __absolute__ 000000
__Labs1                                        abs1         000000
__Lbank0                                       bank0        000000
__Lbank1                                       bank1        000000
__Lbank10                                      bank10       000000
__Lbank11                                      bank11       000000
__Lbank12                                      bank12       000000
__Lbank13                                      bank13       000000
__Lbank14                                      bank14       000000
__Lbank15                                      bank15       000000
__Lbank2                                       bank2        000000
__Lbank3                                       bank3        000000
__Lbank4                                       bank4        000000
__Lbank5                                       bank5        000000
__Lbank6                                       bank6        000000
__Lbank7                                       bank7        000000
__Lbank8                                       bank8        000000
__Lbank9                                       bank9        000000
__Lbigbss                                      bigbss       000000
__Lbigdata                                     bigdata      000000
__Lbigram                                      bigram       000000
__Lbigsfr                                      bigsfr       000000
__Lbss                                         bss          000000
__LbssBANK0                                    bssBANK0     000000
__LbssCOMRAM                                   bssCOMRAM    000000
__Lcinit                                       cinit        000000
__Lclrtext                                     clrtext      000000
__Lcomram                                      comram       000000
__Lconfig                                      config       000000
__Lconst                                       const        000000
__LcstackBANK0                                 cstackBANK0  000000
__LcstackCOMRAM                                cstackCOMRAM 000000
__Ldata                                        data         000000
__LdataBANK0                                   dataBANK0    000000
__LdataCOMRAM                                  dataCOMRAM   000000
__Leeprom_data                                 eeprom_data  000000
__Lfarbss                                      farbss       000000
__Lfardata                                     fardata      000000
__Lheap                                        heap         000000
__Libigdata                                    ibigdata     000000
__Lidata                                       idata        000000
__LidataBANK0                                  idataBANK0   000000
__LidataCOMRAM                                 idataCOMRAM  000000
__Lidloc                                       idloc        000000
__Lifardata                                    ifardata     000000
__Linit                                        init         0000B6
__Lintcode                                     intcode      000008
__Lintcode_body                                intcode_body 000000
__Lintcodelo                                   intcodelo    0000B6
__Lintentry                                    intentry     000000
__Lintret                                      intret       000000
__Lintsave_regs                                intsave_regs 000000
__Lirdata                                      irdata       000000
__Lmediumconst                                 mediumconst  00FE2A
__LnvFARRAM                                    nvFARRAM     000000
__Lnvbit                                       nvbit        000000
__Lnvrram                                      nvrram       000000
__Lparam                                       rparam       000000
__Lpowerup                                     powerup      0000B6
__Lram                                         ram          000000
__Lramtop                                      ramtop       001000
__Lrbit                                        rbit         000000
__Lrbss                                        rbss         000000
__Lrdata                                       rdata        000000
__Lreset_vec                                   reset_vec    000000
__Lrparam                                      rparam       000000
__Lsfr                                         sfr          000000
__Lsmallconst                                  smallconst   000000
__Lspace_0                                     (abs)        000000
__Lspace_1                                     (abs)        000000
__Lspace_2                                     (abs)        000000
__Lspace_4                                     (abs)        000000
__Lstack                                       stack        000000
__Lstruct                                      struct       000000
__Ltemp                                        temp         00004B
__Ltext                                        text         000000
__Ltext0                                       text0        000000
__Ltext1                                       text1        000000
__Ltext10                                      text10       000000
__Ltext11                                      text11       000000
__Ltext12                                      text12       000000
__Ltext13                                      text13       000000
__Ltext14                                      text14       000000
__Ltext15                                      text15       000000
__Ltext16                                      text16       000000
__Ltext17                                      text17       000000
__Ltext18                                      text18       000000
__Ltext19                                      text19       000000
__Ltext2                                       text2        000000
__Ltext20                                      text20       000000
__Ltext21                                      text21       000000
__Ltext22                                      text22       000000
__Ltext23                                      text23       000000
__Ltext24                                      text24       000000
__Ltext25                                      text25       000000
__Ltext26                                      text26       000000
__Ltext27                                      text27       000000
__Ltext28                                      text28       000000
__Ltext29                                      text29       000000
__Ltext3                                       text3        000000
__Ltext30                                      text30       000000
__Ltext31                                      text31       000000
__Ltext32                                      text32       000000
__Ltext33                                      text33       000000
__Ltext34                                      text34       000000
__Ltext35                                      text35       000000
__Ltext36                                      text36       000000
__Ltext37                                      text37       000000
__Ltext38                                      text38       000000
__Ltext39                                      text39       000000
__Ltext4                                       text4        000000
__Ltext40                                      text40       000000
__Ltext41                                      text41       000000
__Ltext42                                      text42       000000
__Ltext44                                      text44       000000
__Ltext45                                      text45       000000
__Ltext46                                      text46       000000
__Ltext47                                      text47       000000
__Ltext48                                      text48       000000
__Ltext49                                      text49       000000
__Ltext5                                       text5        000000
__Ltext50                                      text50       000000
__Ltext51                                      text51       000000
__Ltext52                                      text52       000000
__Ltext53                                      text53       000000
__Ltext54                                      text54       000000
__Ltext55                                      text55       000000
__Ltext56                                      text56       000000
__Ltext57                                      text57       000000
__Ltext58                                      text58       000000
__Ltext59                                      text59       000000
__Ltext6                                       text6        000000
__Ltext60                                      text60       000000
__Ltext61                                      text61       000000
__Ltext62                                      text62       000000
__Ltext63                                      text63       000000
__Ltext64                                      text64       000000
__Ltext65                                      text65       000000
__Ltext66                                      text66       000000
__Ltext67                                      text67       000000
__Ltext68                                      text68       000000
__Ltext69                                      text69       000000
__Ltext7                                       text7        000000
__Ltext70                                      text70       000000
__Ltext71                                      text71       000000
__Ltext72                                      text72       000000
__Ltext73                                      text73       000000
__Ltext74                                      text74       000000
__Ltext75                                      text75       000000
__Ltext76                                      text76       000000
__Ltext77                                      text77       000000
__Ltext78                                      text78       000000
__Ltext79                                      text79       000000
__Ltext8                                       text8        000000
__Ltext80                                      text80       000000
__Ltext81                                      text81       000000
__Ltext82                                      text82       000000
__Ltext9                                       text9        000000
__S0                                           (abs)        010000
__S1                                           (abs)        0000B2
__S4                                           (abs)        000000
__S5                                           (abs)        000000
___awdiv                                       text5        0015A8
___awdiv@counter                               cstackBANK0  0000A0
___awdiv@dividend                              cstackBANK0  00009C
___awdiv@divisor                               cstackBANK0  00009E
___awdiv@quotient                              cstackBANK0  0000A2
___awdiv@sign                                  cstackBANK0  0000A1
___awmod                                       text4        0017F2
___awmod@counter                               cstackBANK0  0000A0
___awmod@dividend                              cstackBANK0  00009C
___awmod@divisor                               cstackBANK0  00009E
___awmod@sign                                  cstackBANK0  0000A1
___heap_hi                                     (abs)        000000
___heap_lo                                     (abs)        000000
___inthi_sp                                    stack        000000
___intlo_sp                                    stack        000000
___param_bank                                  (abs)        000000
___rparam_used                                 (abs)        000001
___sp                                          stack        000000
__accesstop                                    (abs)        000060
__activetblptr                                 (abs)        000003
__end_of_DATAEE_ReadByte                       text42       0021AE
__end_of_DATAEE_WriteByte                      text41       001EC0
__end_of_DIO_write_port                        text39       001DB0
__end_of_EUSART_Initialize                     text28       001F48
__end_of_EUSART_SetErrorHandler                text31       002314
__end_of_EUSART_SetFramingErrorHandler         text30       00230A
__end_of_EUSART_SetOverrunErrorHandler         text29       002300
__end_of_EUSART_Write                          text40       00220E
__end_of_I2C_CallbackReturnReset               text70       0023AA
__end_of_I2C_CallbackReturnStop                text71       0023AE
__end_of_I2C_Close                             text19       002026
__end_of_I2C_DO_ADDRESS_NACK                   text47       001E16
__end_of_I2C_DO_IDLE                           text61       0022E2
__end_of_I2C_DO_RCEN                           text56       0022D6
__end_of_I2C_DO_RESET                          text48       0022CA
__end_of_I2C_DO_RX                             text57       00194A
__end_of_I2C_DO_RX_ACK                         text51       002344
__end_of_I2C_DO_RX_NACK_RESTART                text49       002334
__end_of_I2C_DO_RX_NACK_STOP                   text50       00233C
__end_of_I2C_DO_SEND_ADR_READ                  text60       0022A0
__end_of_I2C_DO_SEND_ADR_WRITE                 text59       0022BE
__end_of_I2C_DO_SEND_RESTART                   text53       002354
__end_of_I2C_DO_SEND_RESTART_READ              text55       002364
__end_of_I2C_DO_SEND_RESTART_WRITE             text54       00235C
__end_of_I2C_DO_SEND_STOP                      text52       00234C
__end_of_I2C_DO_TX                             text58       001732
__end_of_I2C_DO_TX_EMPTY                       text62       001BEA
__end_of_I2C_Initialize                        text27       00227C
__end_of_I2C_MasterClearIrq                    text22       002396
__end_of_I2C_MasterClose                       text21       002392
__end_of_I2C_MasterDisableIrq                  text20       00238E
__end_of_I2C_MasterEnableIrq                   text15       002386
__end_of_I2C_MasterEnableRestart               text81       0023B6
__end_of_I2C_MasterFsm                         text45       001D4A
__end_of_I2C_MasterGetRxData                   text67       0023A2
__end_of_I2C_MasterIsNack                      text64       002290
__end_of_I2C_MasterIsr                         text44       002372
__end_of_I2C_MasterOpen                        text14       002194
__end_of_I2C_MasterOperation                   text17       001F04
__end_of_I2C_MasterSendAck                     text66       002378
__end_of_I2C_MasterSendNack                    text68       00237E
__end_of_I2C_MasterSendTxData                  text65       00236C
__end_of_I2C_MasterSetIrq                      text63       00239E
__end_of_I2C_MasterStart                       text18       00238A
__end_of_I2C_MasterStartRx                     text69       0023A6
__end_of_I2C_MasterStop                        text80       0023B2
__end_of_I2C_MasterWrite                       text16       00231C
__end_of_I2C_Open                              text12       0019EC
__end_of_I2C_Read1ByteRegister                 text7        001AF2
__end_of_I2C_SetAddressNackCallback            text10       0021F6
__end_of_I2C_SetBuffer                         text9        00214E
__end_of_I2C_SetCallback                       text11       001C64
__end_of_I2C_SetDataCompleteCallback           text8        0021DE
__end_of_I2C_SetInterruptHandler               text13       0022EC
__end_of_INTERRUPT_Initialize                  text26       002324
__end_of_INTERRUPT_InterruptManagerHigh        intcode      0000B6
__end_of_LCD_clearscreen                       text36       00232C
__end_of_LCD_movecursor                        text35       001A70
__end_of_LCD_vInit                             text34       002100
__end_of_LCD_vSend_char                        text33       002252
__end_of_LCD_vSend_cmd                         text37       002268
__end_of_LCD_vSend_string                      text32       001FC4
__end_of_OSCILLATOR_Initialize                 text25       0022F6
__end_of_PIN_MANAGER_Initialize                text24       001FF8
__end_of_SYSTEM_Initialize                     text23       00223C
__end_of_TempSensor_TC74_Read_Temp             text6        0021C6
__end_of___awdiv                               text5        00166E
__end_of___awmod                               text4        0018A4
__end_of__initialization                       cinit        001E6E
__end_of_btn_values                            mediumconst  00FE5B
__end_of_column_pin_read__logic                text3        001B6E
__end_of_i2c_fsmStateTable                     mediumconst  00FE4B
__end_of_keypad_get_value                      text1        0015A8
__end_of_main                                  text0        0014C0
__end_of_rd1RegCompleteHandler                 text75       0020AA
__end_of_rd2RegCompleteHandler                 text74       00207E
__end_of_rdBlkRegCompleteHandler               text72       001F88
__end_of_row_pin_write__logic                  text2        0017F2
__end_of_send_falling_edge                     text38       00212A
__end_of_wr1RegCompleteHandler                 text73       002052
__end_of_wr2RegCompleteHandler                 text76       0020D6
__end_ofi2_I2C_MasterClearIrq                  text46       00239A
__end_ofi2_I2C_SetBuffer                       text79       002172
__end_ofi2_I2C_SetCallback                     text78       001CDA
__end_ofi2_I2C_SetDataCompleteCallback         text77       002226
__initialization                               cinit        001E16
__mediumconst                                  mediumconst  00FE2A
__pbssBANK0                                    bssBANK0     000060
__pbssCOMRAM                                   bssCOMRAM    000001
__pcinit                                       cinit        001E16
__pcstackBANK0                                 cstackBANK0  00009C
__pcstackCOMRAM                                cstackCOMRAM 000023
__pdataBANK0                                   dataBANK0    0000AE
__pdataCOMRAM                                  dataCOMRAM   00003C
__pidataBANK0                                  idataBANK0   00237E
__pidataCOMRAM                                 idataCOMRAM  0022A0
__pintcode                                     intcode      000008
__pmediumconst                                 mediumconst  00FE2A
__ptext0                                       text0        0000BA
__ptext1                                       text1        0014C0
__ptext10                                      text10       0021DE
__ptext11                                      text11       001BEA
__ptext12                                      text12       00194A
__ptext13                                      text13       0022E2
__ptext14                                      text14       002172
__ptext15                                      text15       002382
__ptext16                                      text16       002314
__ptext17                                      text17       001EC0
__ptext18                                      text18       002386
__ptext19                                      text19       001FF8
__ptext2                                       text2        001732
__ptext20                                      text20       00238A
__ptext21                                      text21       00238E
__ptext22                                      text22       002392
__ptext23                                      text23       002226
__ptext24                                      text24       001FC4
__ptext25                                      text25       0022EC
__ptext26                                      text26       00231C
__ptext27                                      text27       002268
__ptext28                                      text28       001F04
__ptext29                                      text29       0022F6
__ptext3                                       text3        001AF2
__ptext30                                      text30       002300
__ptext31                                      text31       00230A
__ptext32                                      text32       001F88
__ptext33                                      text33       00223C
__ptext34                                      text34       0020D6
__ptext35                                      text35       0019EC
__ptext36                                      text36       002324
__ptext37                                      text37       002252
__ptext38                                      text38       002100
__ptext39                                      text39       001D4A
__ptext4                                       text4        0017F2
__ptext40                                      text40       0021F6
__ptext41                                      text41       001E78
__ptext42                                      text42       002194
__ptext44                                      text44       00236C
__ptext45                                      text45       001CDA
__ptext46                                      text46       002396
__ptext47                                      text47       001DB0
__ptext48                                      text48       0022BE
__ptext49                                      text49       00232C
__ptext5                                       text5        0015A8
__ptext50                                      text50       002334
__ptext51                                      text51       00233C
__ptext52                                      text52       002344
__ptext53                                      text53       00234C
__ptext54                                      text54       002354
__ptext55                                      text55       00235C
__ptext56                                      text56       0022CA
__ptext57                                      text57       0018A4
__ptext58                                      text58       00166E
__ptext59                                      text59       0022B0
__ptext6                                       text6        0021AE
__ptext60                                      text60       002290
__ptext61                                      text61       0022D6
__ptext62                                      text62       001B6E
__ptext63                                      text63       00239A
__ptext64                                      text64       00227C
__ptext65                                      text65       002364
__ptext66                                      text66       002372
__ptext67                                      text67       00239E
__ptext68                                      text68       002378
__ptext69                                      text69       0023A2
__ptext7                                       text7        001A70
__ptext70                                      text70       0023A6
__ptext71                                      text71       0023AA
__ptext72                                      text72       001F48
__ptext73                                      text73       002026
__ptext74                                      text74       002052
__ptext75                                      text75       00207E
__ptext76                                      text76       0020AA
__ptext77                                      text77       00220E
__ptext78                                      text78       001C64
__ptext79                                      text79       00214E
__ptext8                                       text8        0021C6
__ptext80                                      text80       0023AE
__ptext81                                      text81       0023B2
__ptext82                                      text82       000000
__ptext9                                       text9        00212A
__ramtop                                       ramtop       001000
__smallconst                                   smallconst   000000
_back_to_safety                                dataCOMRAM   000048
_btn_values                                    mediumconst  00FE4B
_column_pin_read__logic                        text3        001AF2
_columns                                       dataBANK0    0000AE
_conditioner_state                             bssCOMRAM    00001A
_eusartRxLastError                             bssCOMRAM    000022
_fire_alarm                                    bssCOMRAM    000010
_first_time                                    bssCOMRAM    00000F
_i2c_fsmStateTable                             mediumconst  00FE2B
_keypad_get_value                              text1        0014C0
_led1_state                                    bssCOMRAM    000017
_led2_state                                    bssCOMRAM    000016
_led3_state                                    bssCOMRAM    000015
_main                                          text0        0000BA
_opened_flag                                   bssCOMRAM    000019
_opened_in_flag                                bssCOMRAM    000018
_pass_counter                                  bssCOMRAM    00001D
_pass_entry_counter                            bssCOMRAM    00001C
_pressed_button                                dataCOMRAM   000049
_radio_state                                   bssCOMRAM    000011
_rd1RegCompleteHandler                         text75       00207E
_rd2RegCompleteHandler                         text74       002052
_rdBlkRegCompleteHandler                       text72       001F48
_row_pin_write__logic                          text2        001732
_rows                                          dataCOMRAM   000044
_send_falling_edge                             text38       002100
_tv_state                                      bssCOMRAM    000014
_windows1_state                                bssCOMRAM    000013
_windows2_state                                bssCOMRAM    000012
_wr1RegCompleteHandler                         text73       002026
_wr2RegCompleteHandler                         text76       0020AA
btemp                                          temp         00004B
column_pin_read__logic@pin_state               cstackBANK0  00009F
column_pin_read__logic@value                   cstackBANK0  00009E
end_of_initialization                          cinit        001E6E
i2I2C_SetBuffer@buffer                         cstackCOMRAM 000023
i2I2C_SetBuffer@bufferSize                     cstackCOMRAM 000025
i2I2C_SetCallback@cb                           cstackCOMRAM 000023
i2I2C_SetCallback@idx                          cstackCOMRAM 000027
i2I2C_SetCallback@ptr                          cstackCOMRAM 000025
i2I2C_SetDataCompleteCallback@cb               cstackCOMRAM 000028
i2I2C_SetDataCompleteCallback@ptr              cstackCOMRAM 00002A
i2_I2C_MasterClearIrq                          text46       002396
i2_I2C_SetBuffer                               text79       00214E
i2_I2C_SetCallback                             text78       001C64
i2_I2C_SetDataCompleteCallback                 text77       00220E
int$flags                                      temp         00004B
intlevel0                                      text         000000
intlevel1                                      text         000000
intlevel2                                      text         000000
intlevel3                                      text         000000
isa$std                                        (abs)        000001
isa$xinst                                      (abs)        000000
keypad_get_value@clicked_value                 cstackBANK0  0000A2
keypad_get_value@column_logic                  cstackBANK0  0000A3
keypad_get_value@l_columns_counter             cstackBANK0  0000A6
keypad_get_value@l_counter                     cstackBANK0  0000A4
keypad_get_value@l_rows_counter                cstackBANK0  0000A5
main@i                                         cstackBANK0  0000AC
rd1RegCompleteHandler@ptr                      cstackCOMRAM 00002C
rd2RegCompleteHandler@ptr                      cstackCOMRAM 00002C
rdBlkRegCompleteHandler@ptr                    cstackCOMRAM 00002C
row_pin_write__logic@state                     cstackBANK0  00009C
row_pin_write__logic@value                     cstackBANK0  00009F
stackhi                                        (abs)        000000
stacklo                                        (abs)        000000
start                                          init         0000B6
start_initialization                           cinit        001E16
ttemp5                                         temp         00004C
ttemp6                                         temp         00004F
ttemp7                                         temp         000053
wr1RegCompleteHandler@ptr                      cstackCOMRAM 00002C
wr2RegCompleteHandler@ptr                      cstackCOMRAM 00002C
wtemp8                                         temp         00004C


MODULE INFORMATION

Module		Function		Class		Link	Load	Size
C:\Program Files\Microchip\xc8\v2.41\pic\sources\c99\common\awmod.c
		___awmod       		CODE           	17F2	0000	178

C:\Program Files\Microchip\xc8\v2.41\pic\sources\c99\common\awmod.c estimated size: 178

AECUL_Modules/TemSensor_TC74/TemSensor_TC74.c
		_TempSensor_TC74_Read_Temp		CODE           	21AE	0000	24

AECUL_Modules/TemSensor_TC74/TemSensor_TC74.c estimated size: 24

mcc_generated_files/interrupt_manager.c
		_INTERRUPT_Initialize		CODE           	231C	0000	8
		_INTERRUPT_InterruptManagerHigh		CODE           	0008	0000	174

mcc_generated_files/interrupt_manager.c estimated size: 182

mcc_generated_files/examples/i2c_master_example.c
		_wr1RegCompleteHandler		CODE           	2026	0000	44
		_wr2RegCompleteHandler		CODE           	20AA	0000	44
		_I2C_Read1ByteRegister		CODE           	1A70	0000	130
		_rdBlkRegCompleteHandler		CODE           	1F48	0000	64
		_rd1RegCompleteHandler		CODE           	207E	0000	44
		_rd2RegCompleteHandler		CODE           	2052	0000	44

mcc_generated_files/examples/i2c_master_example.c estimated size: 370

mcc_generated_files/pin_manager.c
		_PIN_MANAGER_Initialize		CODE           	1FC4	0000	52
		_DIO_write_port		CODE           	1D4A	0000	102

mcc_generated_files/pin_manager.c estimated size: 154

C:\Program Files\Microchip\xc8\v2.41\pic\sources\c99\common\awdiv.c
		___awdiv       		CODE           	15A8	0000	198

C:\Program Files\Microchip\xc8\v2.41\pic\sources\c99\common\awdiv.c estimated size: 198

shared
		i2_I2C_SetBuffer		CODE           	214E	0000	36
		_btn_values    		MEDIUMCONST    	FE4B	0000	16
		__initialization		CODE           	1E16	0000	88
		i2_I2C_SetCallback		CODE           	1C64	0000	118
		i2_I2C_SetDataCompleteCallback		CODE           	220E	0000	24
		i2_I2C_MasterClearIrq		CODE           	2396	0000	4
		_i2c_fsmStateTable		MEDIUMCONST    	FE2B	0000	32

shared estimated size: 318

mcc_generated_files/mcc.c
		_OSCILLATOR_Initialize		CODE           	22EC	0000	10
		_SYSTEM_Initialize		CODE           	2226	0000	22

mcc_generated_files/mcc.c estimated size: 32

AECUL_Modules/LCD/LCD.c
		_LCD_vSend_char		CODE           	223C	0000	22
		_send_falling_edge		CODE           	2100	0000	42
		_LCD_vInit     		CODE           	20D6	0000	42
		_LCD_clearscreen		CODE           	2324	0000	8
		_LCD_movecursor		CODE           	19EC	0000	132
		_LCD_vSend_cmd 		CODE           	2252	0000	22
		_LCD_vSend_string		CODE           	1F88	0000	60

AECUL_Modules/LCD/LCD.c estimated size: 328

mcc_generated_files/memory.c
		_DATAEE_WriteByte		CODE           	1E78	0000	72
		_DATAEE_ReadByte		CODE           	2194	0000	26

mcc_generated_files/memory.c estimated size: 98

mcc_generated_files/i2c_master.c
		_I2C_Close     		CODE           	1FF8	0000	46
		_I2C_MasterStartRx		CODE           	23A2	0000	4
		_I2C_DO_SEND_ADR_WRITE		CODE           	22B0	0000	14
		_I2C_DO_SEND_STOP		CODE           	2344	0000	8
		_I2C_MasterSendNack		CODE           	2378	0000	6
		_I2C_MasterDisableIrq		CODE           	238A	0000	4
		_I2C_CallbackReturnStop		CODE           	23AA	0000	4
		_I2C_MasterOperation		CODE           	1EC0	0000	68
		_I2C_DO_SEND_ADR_READ		CODE           	2290	0000	16
		_I2C_DO_RX_NACK_STOP		CODE           	2334	0000	8
		_I2C_DO_SEND_RESTART		CODE           	234C	0000	8
		_I2C_DO_RX     		CODE           	18A4	0000	166
		_I2C_DO_TX     		CODE           	166E	0000	196
		_I2C_DO_IDLE   		CODE           	22D6	0000	12
		_I2C_DO_RCEN   		CODE           	22CA	0000	12
		_I2C_DO_RESET  		CODE           	22BE	0000	12
		_I2C_MasterClose		CODE           	238E	0000	4
		_I2C_MasterWrite		CODE           	2314	0000	8
		_I2C_DO_RX_ACK 		CODE           	233C	0000	8
		_I2C_MasterStart		CODE           	2386	0000	4
		_I2C_MasterClearIrq		CODE           	2392	0000	4
		_I2C_MasterGetRxData		CODE           	239E	0000	4
		_I2C_SetCallback		CODE           	1BEA	0000	122
		_I2C_DO_ADDRESS_NACK		CODE           	1DB0	0000	102
		_I2C_MasterEnableRestart		CODE           	23B2	0000	4
		_I2C_CallbackReturnReset		CODE           	23A6	0000	4
		_I2C_Open      		CODE           	194A	0000	162
		_I2C_SetAddressNackCallback		CODE           	21DE	0000	24
		_I2C_DO_TX_EMPTY		CODE           	1B6E	0000	124
		_I2C_DO_SEND_RESTART_WRITE		CODE           	2354	0000	8
		_I2C_MasterIsNack		CODE           	227C	0000	20
		_I2C_SetDataCompleteCallback		CODE           	21C6	0000	24
		_I2C_DO_RX_NACK_RESTART		CODE           	232C	0000	8
		_I2C_MasterSendAck		CODE           	2372	0000	6
		_I2C_MasterFsm 		CODE           	1CDA	0000	112
		_I2C_MasterIsr 		CODE           	236C	0000	6
		_I2C_MasterSetIrq		CODE           	239A	0000	4
		_I2C_DO_SEND_RESTART_READ		CODE           	235C	0000	8
		_I2C_MasterEnableIrq		CODE           	2382	0000	4
		_I2C_Initialize		CODE           	2268	0000	20
		_I2C_SetBuffer 		CODE           	212A	0000	36
		_I2C_SetInterruptHandler		CODE           	22E2	0000	10
		_I2C_MasterOpen		CODE           	2172	0000	34
		_I2C_MasterSendTxData		CODE           	2364	0000	8
		_I2C_MasterStop		CODE           	23AE	0000	4

mcc_generated_files/i2c_master.c estimated size: 1470

mcc_generated_files/eusart.c
		_EUSART_Write  		CODE           	21F6	0000	24
		_EUSART_Initialize		CODE           	1F04	0000	68
		_EUSART_SetFramingErrorHandler		CODE           	2300	0000	10
		_EUSART_SetErrorHandler		CODE           	230A	0000	10
		_EUSART_SetOverrunErrorHandler		CODE           	22F6	0000	10

mcc_generated_files/eusart.c estimated size: 122

main.c
		_main          		CODE           	00BA	0000	5126

main.c estimated size: 5126

AECUL_Modules/KEYPAD/KEYPAD.c
		_column_pin_read__logic		CODE           	1AF2	0000	124
		_row_pin_write__logic		CODE           	1732	0000	192
		_keypad_get_value		CODE           	14C0	0000	232

AECUL_Modules/KEYPAD/KEYPAD.c estimated size: 548

